{
  "Plants": 5,
  "Locations": 5,
  "SolarCapacity": 1200.0,
  "StorageCapacity": 8000.0
}
