{
  "Locations": [
    {
      "Id": "0G5GJEPTMF4G6",
      "Name": "Location 3",
      "Longitude": -179.987654,
      "Latitude": 89.987654
    }
  ],
  "Pagination": {
    "CurrentPageNumber": 1,
    "CurrentPageSize": 5,
    "TotalRows": 1,
    "TotalPages": 1
  }
}
